This is LuaHBTeX, Version 1.18.0 (TeX Live 2024) 
 restricted system commands enabled.
(./close-out-report.tex
LaTeX2e <2023-11-01> patch level 1
L3 programming layer <2024-03-14>
 (c:/texlive/2024/texmf-dist/tex/latex/base/article.cls
Document Class: article 2023/05/17 v1.4n Standard LaTeX document class
(c:/texlive/2024/texmf-dist/tex/latex/base/size10.clo))
(c:/texlive/2024/texmf-dist/tex/latex/fontspec/fontspec.sty
(c:/texlive/2024/texmf-dist/tex/latex/l3packages/xparse/xparse.sty
(c:/texlive/2024/texmf-dist/tex/latex/l3kernel/expl3.sty
(c:/texlive/2024/texmf-dist/tex/latex/l3backend/l3backend-luatex.def)))
(c:/texlive/2024/texmf-dist/tex/latex/fontspec/fontspec-luatex.sty
(c:/texlive/2024/texmf-dist/tex/latex/base/fontenc.sty)
(c:/texlive/2024/texmf-dist/tex/latex/fontspec/fontspec.cfg)))
(c:/texlive/2024/texmf-dist/tex/latex/geometry/geometry.sty
(c:/texlive/2024/texmf-dist/tex/latex/graphics/keyval.sty)
(c:/texlive/2024/texmf-dist/tex/generic/iftex/ifvtex.sty
(c:/texlive/2024/texmf-dist/tex/generic/iftex/iftex.sty)))
(c:/texlive/2024/texmf-dist/tex/latex/booktabs/booktabs.sty)
(c:/texlive/2024/texmf-dist/tex/latex/tools/tabularx.sty
(c:/texlive/2024/texmf-dist/tex/latex/tools/array.sty))
(c:/texlive/2024/texmf-dist/tex/latex/enumitem/enumitem.sty)
(c:/texlive/2024/texmf-dist/tex/latex/xcolor/xcolor.sty
(c:/texlive/2024/texmf-dist/tex/latex/graphics-cfg/color.cfg)
(c:/texlive/2024/texmf-dist/tex/latex/graphics-def/luatex.def)
(c:/texlive/2024/texmf-dist/tex/latex/graphics/mathcolor.ltx))
(c:/texlive/2024/texmf-dist/tex/latex/titlesec/titlesec.sty)
(c:/texlive/2024/texmf-dist/tex/latex/tcolorbox/tcolorbox.sty
(c:/texlive/2024/texmf-dist/tex/latex/pgf/basiclayer/pgf.sty
(c:/texlive/2024/texmf-dist/tex/latex/pgf/utilities/pgfrcs.sty
(c:/texlive/2024/texmf-dist/tex/generic/pgf/utilities/pgfutil-common.tex)
(c:/texlive/2024/texmf-dist/tex/generic/pgf/utilities/pgfutil-latex.def)
(c:/texlive/2024/texmf-dist/tex/generic/pgf/utilities/pgfrcs.code.tex
(c:/texlive/2024/texmf-dist/tex/generic/pgf/pgf.revision.tex)))
(c:/texlive/2024/texmf-dist/tex/latex/pgf/basiclayer/pgfcore.sty
(c:/texlive/2024/texmf-dist/tex/latex/graphics/graphicx.sty
(c:/texlive/2024/texmf-dist/tex/latex/graphics/graphics.sty
(c:/texlive/2024/texmf-dist/tex/latex/graphics/trig.sty)
(c:/texlive/2024/texmf-dist/tex/latex/graphics-cfg/graphics.cfg)))
(c:/texlive/2024/texmf-dist/tex/latex/pgf/systemlayer/pgfsys.sty
(c:/texlive/2024/texmf-dist/tex/generic/pgf/systemlayer/pgfsys.code.tex
(c:/texlive/2024/texmf-dist/tex/generic/pgf/utilities/pgfkeys.code.tex
(c:/texlive/2024/texmf-dist/tex/generic/pgf/utilities/pgfkeyslibraryfiltered.co
de.tex)) (c:/texlive/2024/texmf-dist/tex/generic/pgf/systemlayer/pgf.cfg)
(c:/texlive/2024/texmf-dist/tex/generic/pgf/systemlayer/pgfsys-luatex.def
(c:/texlive/2024/texmf-dist/tex/generic/pgf/systemlayer/pgfsys-common-pdf.def))
)
(c:/texlive/2024/texmf-dist/tex/generic/pgf/systemlayer/pgfsyssoftpath.code.tex
)
(c:/texlive/2024/texmf-dist/tex/generic/pgf/systemlayer/pgfsysprotocol.code.tex
)) (c:/texlive/2024/texmf-dist/tex/generic/pgf/basiclayer/pgfcore.code.tex
(c:/texlive/2024/texmf-dist/tex/generic/pgf/math/pgfmath.code.tex
(c:/texlive/2024/texmf-dist/tex/generic/pgf/math/pgfmathutil.code.tex)
(c:/texlive/2024/texmf-dist/tex/generic/pgf/math/pgfmathparser.code.tex)
(c:/texlive/2024/texmf-dist/tex/generic/pgf/math/pgfmathfunctions.code.tex)
(c:/texlive/2024/texmf-dist/tex/generic/pgf/math/pgfmathfunctions.basic.code.te
x)
(c:/texlive/2024/texmf-dist/tex/generic/pgf/math/pgfmathfunctions.trigonometric
.code.tex)
(c:/texlive/2024/texmf-dist/tex/generic/pgf/math/pgfmathfunctions.random.code.t
ex)
(c:/texlive/2024/texmf-dist/tex/generic/pgf/math/pgfmathfunctions.comparison.co
de.tex)
(c:/texlive/2024/texmf-dist/tex/generic/pgf/math/pgfmathfunctions.base.code.tex
)
(c:/texlive/2024/texmf-dist/tex/generic/pgf/math/pgfmathfunctions.round.code.te
x)
(c:/texlive/2024/texmf-dist/tex/generic/pgf/math/pgfmathfunctions.misc.code.tex
)
(c:/texlive/2024/texmf-dist/tex/generic/pgf/math/pgfmathfunctions.integerarithm
etics.code.tex)
(c:/texlive/2024/texmf-dist/tex/generic/pgf/math/pgfmathcalc.code.tex)
(c:/texlive/2024/texmf-dist/tex/generic/pgf/math/pgfmathfloat.code.tex))
(c:/texlive/2024/texmf-dist/tex/generic/pgf/math/pgfint.code.tex)
(c:/texlive/2024/texmf-dist/tex/generic/pgf/basiclayer/pgfcorepoints.code.tex)
(c:/texlive/2024/texmf-dist/tex/generic/pgf/basiclayer/pgfcorepathconstruct.cod
e.tex)
(c:/texlive/2024/texmf-dist/tex/generic/pgf/basiclayer/pgfcorepathusage.code.te
x)
(c:/texlive/2024/texmf-dist/tex/generic/pgf/basiclayer/pgfcorescopes.code.tex)
(c:/texlive/2024/texmf-dist/tex/generic/pgf/basiclayer/pgfcoregraphicstate.code
.tex)
(c:/texlive/2024/texmf-dist/tex/generic/pgf/basiclayer/pgfcoretransformations.c
ode.tex)
(c:/texlive/2024/texmf-dist/tex/generic/pgf/basiclayer/pgfcorequick.code.tex)
(c:/texlive/2024/texmf-dist/tex/generic/pgf/basiclayer/pgfcoreobjects.code.tex)

(c:/texlive/2024/texmf-dist/tex/generic/pgf/basiclayer/pgfcorepathprocessing.co
de.tex)
(c:/texlive/2024/texmf-dist/tex/generic/pgf/basiclayer/pgfcorearrows.code.tex)
(c:/texlive/2024/texmf-dist/tex/generic/pgf/basiclayer/pgfcoreshade.code.tex)
(c:/texlive/2024/texmf-dist/tex/generic/pgf/basiclayer/pgfcoreimage.code.tex)
(c:/texlive/2024/texmf-dist/tex/generic/pgf/basiclayer/pgfcoreexternal.code.tex
) (c:/texlive/2024/texmf-dist/tex/generic/pgf/basiclayer/pgfcorelayers.code.tex
)
(c:/texlive/2024/texmf-dist/tex/generic/pgf/basiclayer/pgfcoretransparency.code
.tex)
(c:/texlive/2024/texmf-dist/tex/generic/pgf/basiclayer/pgfcorepatterns.code.tex
) (c:/texlive/2024/texmf-dist/tex/generic/pgf/basiclayer/pgfcorerdf.code.tex)))
 (c:/texlive/2024/texmf-dist/tex/generic/pgf/modules/pgfmoduleshapes.code.tex)
(c:/texlive/2024/texmf-dist/tex/generic/pgf/modules/pgfmoduleplot.code.tex)
(c:/texlive/2024/texmf-dist/tex/latex/pgf/compatibility/pgfcomp-version-0-65.st
y)
(c:/texlive/2024/texmf-dist/tex/latex/pgf/compatibility/pgfcomp-version-1-18.st
y)) (c:/texlive/2024/texmf-dist/tex/latex/tools/verbatim.sty)
(c:/texlive/2024/texmf-dist/tex/latex/environ/environ.sty
(c:/texlive/2024/texmf-dist/tex/latex/trimspaces/trimspaces.sty))
(c:/texlive/2024/texmf-dist/tex/latex/etoolbox/etoolbox.sty)
(c:/texlive/2024/texmf-dist/tex/latex/tcolorbox/tcbraster.code.tex
Library (tcolorbox): 'tcbraster.code.tex' version '6.2.0'
) (c:/texlive/2024/texmf-dist/tex/latex/tcolorbox/tcbskins.code.tex
Library (tcolorbox): 'tcbskins.code.tex' version '6.2.0'
(c:/texlive/2024/texmf-dist/tex/latex/pgf/frontendlayer/tikz.sty
(c:/texlive/2024/texmf-dist/tex/latex/pgf/utilities/pgffor.sty
(c:/texlive/2024/texmf-dist/tex/latex/pgf/utilities/pgfkeys.sty
(c:/texlive/2024/texmf-dist/tex/generic/pgf/utilities/pgfkeys.code.tex))
(c:/texlive/2024/texmf-dist/tex/latex/pgf/math/pgfmath.sty
(c:/texlive/2024/texmf-dist/tex/generic/pgf/math/pgfmath.code.tex))
(c:/texlive/2024/texmf-dist/tex/generic/pgf/utilities/pgffor.code.tex))
(c:/texlive/2024/texmf-dist/tex/generic/pgf/frontendlayer/tikz/tikz.code.tex
(c:/texlive/2024/texmf-dist/tex/generic/pgf/libraries/pgflibraryplothandlers.co
de.tex)
(c:/texlive/2024/texmf-dist/tex/generic/pgf/modules/pgfmodulematrix.code.tex)
(c:/texlive/2024/texmf-dist/tex/generic/pgf/frontendlayer/tikz/libraries/tikzli
brarytopaths.code.tex)))
(c:/texlive/2024/texmf-dist/tex/latex/tikzfill/tikzfill.image.sty
(c:/texlive/2024/texmf-dist/tex/latex/tikzfill/tikzfill-common.sty)
(c:/texlive/2024/texmf-dist/tex/latex/tikzfill/tikzlibraryfill.image.code.tex))
 (c:/texlive/2024/texmf-dist/tex/latex/tcolorbox/tcbskinsjigsaw.code.tex
Library (tcolorbox): 'tcbskinsjigsaw.code.tex' version '6.2.0'
)) (c:/texlive/2024/texmf-dist/tex/latex/tcolorbox/tcbbreakable.code.tex
Library (tcolorbox): 'tcbbreakable.code.tex' version '6.2.0'
(c:/texlive/2024/texmf-dist/tex/latex/pdfcol/pdfcol.sty
(c:/texlive/2024/texmf-dist/tex/generic/ltxcmds/ltxcmds.sty)
(c:/texlive/2024/texmf-dist/tex/generic/infwarerr/infwarerr.sty))
(c:/texlive/2024/texmf-dist/tex/generic/iftex/ifluatex.sty))
(c:/texlive/2024/texmf-dist/tex/latex/tcolorbox/tcbhooks.code.tex
Library (tcolorbox): 'tcbhooks.code.tex' version '6.2.0'
) (c:/texlive/2024/texmf-dist/tex/latex/tcolorbox/tcbtheorems.code.tex
Library (tcolorbox): 'tcbtheorems.code.tex' version '6.2.0'
(c:/texlive/2024/texmf-dist/tex/latex/amsmath/amsmath.sty
For additional information on amsmath, use the `?' option.
(c:/texlive/2024/texmf-dist/tex/latex/amsmath/amstext.sty
(c:/texlive/2024/texmf-dist/tex/latex/amsmath/amsgen.sty))
(c:/texlive/2024/texmf-dist/tex/latex/amsmath/amsbsy.sty)
(c:/texlive/2024/texmf-dist/tex/latex/amsmath/amsopn.sty)))
(c:/texlive/2024/texmf-dist/tex/latex/tcolorbox/tcbfitting.code.tex
Library (tcolorbox): 'tcbfitting.code.tex' version '6.2.0'
) (c:/texlive/2024/texmf-dist/tex/latex/tcolorbox/tcblistingsutf8.code.tex
Library (tcolorbox): 'tcblistingsutf8.code.tex' version '6.2.0'
(c:/texlive/2024/texmf-dist/tex/latex/tcolorbox/tcblistings.code.tex
Library (tcolorbox): 'tcblistings.code.tex' version '6.2.0'
(c:/texlive/2024/texmf-dist/tex/latex/listings/listings.sty
(c:/texlive/2024/texmf-dist/tex/latex/listings/lstpatch.sty)
(c:/texlive/2024/texmf-dist/tex/latex/listings/lstmisc.sty)
(c:/texlive/2024/texmf-dist/tex/latex/listings/listings.cfg))
(c:/texlive/2024/texmf-dist/tex/latex/tcolorbox/tcblistingscore.code.tex
Library (tcolorbox): 'tcblistingscore.code.tex' version '6.2.0'
(c:/texlive/2024/texmf-dist/tex/latex/tcolorbox/tcbprocessing.code.tex
Library (tcolorbox): 'tcbprocessing.code.tex' version '6.2.0'
)))) (c:/texlive/2024/texmf-dist/tex/latex/tcolorbox/tcbexternal.code.tex
Library (tcolorbox): 'tcbexternal.code.tex' version '6.2.0'
) (c:/texlive/2024/texmf-dist/tex/latex/tcolorbox/tcbmagazine.code.tex
Library (tcolorbox): 'tcbmagazine.code.tex' version '6.2.0'
) (c:/texlive/2024/texmf-dist/tex/latex/tcolorbox/tcbvignette.code.tex
Library (tcolorbox): 'tcbvignette.code.tex' version '6.2.0'

(c:/texlive/2024/texmf-dist/tex/generic/pgf/frontendlayer/tikz/libraries/tikzli
braryfadings.code.tex
(c:/texlive/2024/texmf-dist/tex/generic/pgf/libraries/pgflibraryfadings.code.te
x))) (c:/texlive/2024/texmf-dist/tex/latex/tcolorbox/tcbposter.code.tex
Library (tcolorbox): 'tcbposter.code.tex' version '6.2.0'
)) (c:/texlive/2024/texmf-dist/tex/latex/hyperref/hyperref.sty
(c:/texlive/2024/texmf-dist/tex/latex/kvsetkeys/kvsetkeys.sty)
(c:/texlive/2024/texmf-dist/tex/generic/kvdefinekeys/kvdefinekeys.sty)
(c:/texlive/2024/texmf-dist/tex/generic/pdfescape/pdfescape.sty
(c:/texlive/2024/texmf-dist/tex/generic/pdftexcmds/pdftexcmds.sty))
(c:/texlive/2024/texmf-dist/tex/latex/hycolor/hycolor.sty)
(c:/texlive/2024/texmf-dist/tex/latex/auxhook/auxhook.sty)
(c:/texlive/2024/texmf-dist/tex/latex/hyperref/nameref.sty
(c:/texlive/2024/texmf-dist/tex/latex/refcount/refcount.sty)
(c:/texlive/2024/texmf-dist/tex/generic/gettitlestring/gettitlestring.sty
(c:/texlive/2024/texmf-dist/tex/latex/kvoptions/kvoptions.sty)))
(c:/texlive/2024/texmf-dist/tex/latex/hyperref/pd1enc.def)
(c:/texlive/2024/texmf-dist/tex/generic/intcalc/intcalc.sty)
(c:/texlive/2024/texmf-dist/tex/latex/hyperref/puenc.def)
(c:/texlive/2024/texmf-dist/tex/latex/url/url.sty)
(c:/texlive/2024/texmf-dist/tex/generic/bitset/bitset.sty
(c:/texlive/2024/texmf-dist/tex/generic/bigintcalc/bigintcalc.sty))
(c:/texlive/2024/texmf-dist/tex/latex/base/atbegshi-ltx.sty))
(c:/texlive/2024/texmf-dist/tex/latex/hyperref/hluatex.def
(c:/texlive/2024/texmf-dist/tex/generic/stringenc/stringenc.sty)
(c:/texlive/2024/texmf-dist/tex/latex/base/atveryend-ltx.sty)
(c:/texlive/2024/texmf-dist/tex/latex/rerunfilecheck/rerunfilecheck.sty
(c:/texlive/2024/texmf-dist/tex/generic/uniquecounter/uniquecounter.sty)))
(./close-out-report.aux) (c:/texlive/2024/texmf-dist/tex/latex/base/ts1cmr.fd)
*geometry* driver: auto-detecting
*geometry* detected driver: luatex
(c:/texlive/2024/texmf-dist/tex/context/base/mkii/supp-pdf.mkii
[Loading MPS to PDF converter (version 2006.09.02).]
) (c:/texlive/2024/texmf-dist/tex/latex/epstopdf-pkg/epstopdf-base.sty
(c:/texlive/2024/texmf-dist/tex/latex/latexconfig/epstopdf-sys.cfg))
(./close-out-report.out) (./close-out-report.out) [1{c:/texlive/2024/texmf-var/
fonts/map/pdftex/updmap/pdftex.map}]
Underfull \hbox (badness 10000) in paragraph at lines 212--212
[]|[][]\TU/lmr/m/n/10 elRaulito/ZK-from-zero-on-
[2] (./close-out-report.aux))
(see the transcript file for additional information)
 1306 words of node memory still in use:
   30 hlist, 2 vlist, 14 rule, 2 glue, 4 kern, 1 glyph, 80 attribute, 57 glue_s
pec, 80 attribute_list, 2 write, 24 pdf_literal, 1 pdf_action, 24 pdf_colorstac
k nodes
   avail lists: 1:1,2:967,3:466,4:127,5:714,6:89,7:12543,8:6,9:861,10:6,11:802
<c:/texlive/2024/texmf-dist/fonts/opentype/public/lm/lmroman8-regular.otf><c:/t
exlive/2024/texmf-dist/fonts/opentype/public/lm/lmmono10-regular.otf><c:/texliv
e/2024/texmf-dist/fonts/opentype/public/lm/lmroman10-regular.otf><c:/texlive/20
24/texmf-dist/fonts/opentype/public/lm/lmroman10-bold.otf><c:/texlive/2024/texm
f-dist/fonts/opentype/public/lm/lmroman9-regular.otf><c:/texlive/2024/texmf-dis
t/fonts/opentype/public/lm/lmroman12-regular.otf><c:/texlive/2024/texmf-dist/fo
nts/opentype/public/lm/lmroman12-bold.otf><c:/texlive/2024/texmf-dist/fonts/typ
e1/public/amsfonts/cm/cmr10.pfb><c:/texlive/2024/texmf-dist/fonts/type1/public/
amsfonts/cm/cmr7.pfb><c:/texlive/2024/texmf-dist/fonts/type1/public/amsfonts/cm
/cmsy10.pfb>
Output written on close-out-report.pdf (2 pages, 74938 bytes).
Transcript written on close-out-report.log.
